Traceback (most recent call last):
  File "/root/trading/.venv/lib/python3.12/site-packages/urllib3/connection.py", line 198, in _new_conn
    sock = connection.create_connection(
           ^^^^^^^^^^^^^^^^^^^^^^^^^^^^^
  File "/root/trading/.venv/lib/python3.12/site-packages/urllib3/util/connection.py", line 85, in create_connection
    raise err
  File "/root/trading/.venv/lib/python3.12/site-packages/urllib3/util/connection.py", line 64, in create_connection
    sock = socket.socket(af, socktype, proto)
           ^^^^^^^^^^^^^^^^^^^^^^^^^^^^^^^^^^
  File "/usr/lib/python3.12/socket.py", line 233, in __init__
    _socket.socket.__init__(self, family, type, proto, fileno)
PermissionError: [Errno 1] Operation not permitted

The above exception was the direct cause of the following exception:

Traceback (most recent call last):
  File "<frozen runpy>", line 198, in _run_module_as_main
  File "<frozen runpy>", line 88, in _run_code
  File "/root/trading/infra/dummy_feed.py", line 109, in <module>
    main()
  File "/root/trading/infra/dummy_feed.py", line 100, in main
    write_to_influx(write_api, row)
  File "/root/trading/infra/dummy_feed.py", line 72, in write_to_influx
    write_api.write(bucket=INFLUX_BUCKET, org=INFLUX_ORG, record=point)
  File "/root/trading/.venv/lib/python3.12/site-packages/influxdb_client/client/write_api.py", line 381, in write
    results = list(map(write_payload, payloads.items()))
              ^^^^^^^^^^^^^^^^^^^^^^^^^^^^^^^^^^^^^^^^^^
  File "/root/trading/.venv/lib/python3.12/site-packages/influxdb_client/client/write_api.py", line 379, in write_payload
    return self._post_write(_async_req, bucket, org, final_string, payload[0])
           ^^^^^^^^^^^^^^^^^^^^^^^^^^^^^^^^^^^^^^^^^^^^^^^^^^^^^^^^^^^^^^^^^^^
  File "/root/trading/.venv/lib/python3.12/site-packages/influxdb_client/client/write_api.py", line 516, in _post_write
    return self._write_service.post_write(org=org, bucket=bucket, body=body, precision=precision,
           ^^^^^^^^^^^^^^^^^^^^^^^^^^^^^^^^^^^^^^^^^^^^^^^^^^^^^^^^^^^^^^^^^^^^^^^^^^^^^^^^^^^^^^
  File "/root/trading/.venv/lib/python3.12/site-packages/influxdb_client/service/write_service.py", line 60, in post_write
    (data) = self.post_write_with_http_info(org, bucket, body, **kwargs)  # noqa: E501
             ^^^^^^^^^^^^^^^^^^^^^^^^^^^^^^^^^^^^^^^^^^^^^^^^^^^^^^^^^^^
  File "/root/trading/.venv/lib/python3.12/site-packages/influxdb_client/service/write_service.py", line 90, in post_write_with_http_info
    return self.api_client.call_api(
           ^^^^^^^^^^^^^^^^^^^^^^^^^
  File "/root/trading/.venv/lib/python3.12/site-packages/influxdb_client/_sync/api_client.py", line 343, in call_api
    return self.__call_api(resource_path, method,
           ^^^^^^^^^^^^^^^^^^^^^^^^^^^^^^^^^^^^^^
  File "/root/trading/.venv/lib/python3.12/site-packages/influxdb_client/_sync/api_client.py", line 173, in __call_api
    response_data = self.request(
                    ^^^^^^^^^^^^^
  File "/root/trading/.venv/lib/python3.12/site-packages/influxdb_client/_sync/api_client.py", line 388, in request
    return self.rest_client.POST(url,
           ^^^^^^^^^^^^^^^^^^^^^^^^^^
  File "/root/trading/.venv/lib/python3.12/site-packages/influxdb_client/_sync/rest.py", line 311, in POST
    return self.request("POST", url,
           ^^^^^^^^^^^^^^^^^^^^^^^^^
  File "/root/trading/.venv/lib/python3.12/site-packages/influxdb_client/_sync/rest.py", line 220, in request
    r = self.pool_manager.request(
        ^^^^^^^^^^^^^^^^^^^^^^^^^^
  File "/root/trading/.venv/lib/python3.12/site-packages/urllib3/_request_methods.py", line 143, in request
    return self.request_encode_body(
           ^^^^^^^^^^^^^^^^^^^^^^^^^
  File "/root/trading/.venv/lib/python3.12/site-packages/urllib3/_request_methods.py", line 278, in request_encode_body
    return self.urlopen(method, url, **extra_kw)
           ^^^^^^^^^^^^^^^^^^^^^^^^^^^^^^^^^^^^^
  File "/root/trading/.venv/lib/python3.12/site-packages/urllib3/poolmanager.py", line 459, in urlopen
    response = conn.urlopen(method, u.request_uri, **kw)
               ^^^^^^^^^^^^^^^^^^^^^^^^^^^^^^^^^^^^^^^^^
  File "/root/trading/.venv/lib/python3.12/site-packages/urllib3/connectionpool.py", line 841, in urlopen
    retries = retries.increment(
              ^^^^^^^^^^^^^^^^^^
  File "/root/trading/.venv/lib/python3.12/site-packages/urllib3/util/retry.py", line 449, in increment
    raise reraise(type(error), error, _stacktrace)
          ^^^^^^^^^^^^^^^^^^^^^^^^^^^^^^^^^^^^^^^^
  File "/root/trading/.venv/lib/python3.12/site-packages/urllib3/util/util.py", line 39, in reraise
    raise value
  File "/root/trading/.venv/lib/python3.12/site-packages/urllib3/connectionpool.py", line 787, in urlopen
    response = self._make_request(
               ^^^^^^^^^^^^^^^^^^^
  File "/root/trading/.venv/lib/python3.12/site-packages/urllib3/connectionpool.py", line 493, in _make_request
    conn.request(
  File "/root/trading/.venv/lib/python3.12/site-packages/urllib3/connection.py", line 494, in request
    self.endheaders()
  File "/usr/lib/python3.12/http/client.py", line 1331, in endheaders
    self._send_output(message_body, encode_chunked=encode_chunked)
  File "/usr/lib/python3.12/http/client.py", line 1091, in _send_output
    self.send(msg)
  File "/usr/lib/python3.12/http/client.py", line 1035, in send
    self.connect()
  File "/root/trading/.venv/lib/python3.12/site-packages/urllib3/connection.py", line 325, in connect
    self.sock = self._new_conn()
                ^^^^^^^^^^^^^^^^
  File "/root/trading/.venv/lib/python3.12/site-packages/urllib3/connection.py", line 213, in _new_conn
    raise NewConnectionError(
urllib3.exceptions.NewConnectionError: <urllib3.connection.HTTPConnection object at 0x7f44ec899d30>: Failed to establish a new connection: [Errno 1] Operation not permitted
