❌ No messages for 30.0s (max: 30s) for SOLUSDT, restarting listener...
🔄 Restarting listener for SOLUSDT (attempt 1/5) in 0.5s...
❌ No messages for 30.9s (max: 30s) for SOLUSDT, restarting listener...
🔄 Restarting listener for SOLUSDT (attempt 2/5) in 1.0s...
❌ No messages for 35.2s (max: 30s) for ETHUSDT, restarting listener...
🔄 Restarting listener for ETHUSDT (attempt 1/5) in 0.5s...
❌ No messages for 39.2s (max: 30s) for SOLUSDT, restarting listener...
🔄 Restarting listener for SOLUSDT (attempt 3/5) in 2.0s...
❌ No messages for 30.0s (max: 30s) for ETHUSDT, restarting listener...
🔄 Restarting listener for ETHUSDT (attempt 2/5) in 1.0s...
❌ No messages for 30.0s (max: 30s) for SOLUSDT, restarting listener...
🔄 Restarting listener for SOLUSDT (attempt 4/5) in 4.0s...
❌ No messages for 30.0s (max: 30s) for ETHUSDT, restarting listener...
🔄 Restarting listener for ETHUSDT (attempt 3/5) in 2.0s...
❌ No messages for 30.0s (max: 30s) for SOLUSDT, restarting listener...
🔄 Restarting listener for SOLUSDT (attempt 5/5) in 8.0s...
❌ No messages for 30.0s (max: 30s) for ETHUSDT, restarting listener...
🔄 Restarting listener for ETHUSDT (attempt 4/5) in 4.0s...
❌ No messages for 30.0s (max: 30s) for SOLUSDT, restarting listener...
❌ FAILED to restart listener for SOLUSDT after 5 attempts
❌ No messages for 30.0s (max: 30s) for ETHUSDT, restarting listener...
🔄 Restarting listener for ETHUSDT (attempt 5/5) in 8.0s...
❌ No messages for 30.0s (max: 30s) for ETHUSDT, restarting listener...
❌ FAILED to restart listener for ETHUSDT after 5 attempts
