/root/trading/.venv/lib/python3.12/site-packages/joblib/_multiprocessing_helpers.py:44: UserWarning: [Errno 13] Permission denied.  joblib will operate in serial mode
  warnings.warn("%s.  joblib will operate in serial mode" % (e,))
2025-11-22 11:22:48,066 | INFO | __main__ | nof1.ai style enabled: Using 3-minute cycle (180 seconds)
2025-11-22 11:22:48,067 | INFO | __main__ | Execution concurrency limit set to 3
2025-11-22 11:22:48,100 | INFO | app.utils.price_cache | 🎧 Starting price cache listener for BTCUSDT on channel stream:binance:kline
2025-11-22 11:22:48,160 | ERROR | app.utils.telegram | Failed to send telegram message: [Errno -3] Temporary failure in name resolution
2025-11-22 11:22:48,130 | WARNING | app.utils.price_cache | ⚠️ Could not initialize cache from REST: [Errno -3] Temporary failure in name resolution
2025-11-22 11:22:48,160 | INFO | app.utils.price_cache | 🔌 WebSocket listener thread STARTING for BTCUSDT
2025-11-22 11:22:48,229 | ERROR | app.utils.telegram | Failed to send telegram message: [Errno -3] Temporary failure in name resolution
2025-11-22 11:22:48,166 | ERROR | app.utils.price_cache | ❌ Redis connection error for BTCUSDT: Error 1 connecting to localhost:6379. Operation not permitted.
2025-11-22 11:22:48,264 | ERROR | app.utils.telegram | Failed to send telegram message: [Errno -3] Temporary failure in name resolution
2025-11-22 11:22:48,229 | WARNING | app.utils.price_cache | 🔌 WebSocket listener DISCONNECTED for BTCUSDT
2025-11-22 11:22:48,264 | INFO | app.utils.price_cache | 🔄 Attempting auto-restart for BTCUSDT...
2025-11-22 11:22:48,293 | ERROR | app.utils.telegram | Failed to send telegram message: [Errno -3] Temporary failure in name resolution
2025-11-22 11:22:48,264 | WARNING | app.utils.price_cache | 🔄 Restarting listener for BTCUSDT (attempt 1/5) in 1.0s...
2025-11-22 11:22:48,366 | INFO | app.utils.price_cache | ✅ Listener thread CONFIRMED RUNNING for BTCUSDT
2025-11-22 11:22:48,366 | INFO | app.utils.price_cache | 🏥 Health check monitor started for BTCUSDT
2025-11-22 11:22:48,367 | INFO | app.utils.price_cache | 🏥 Health check monitor STARTED for BTCUSDT
2025-11-22 11:22:48,417 | INFO | app.utils.price_cache | 🎧 Starting price cache listener for ETHUSDT on channel stream:binance:kline
2025-11-22 11:22:48,479 | ERROR | app.utils.telegram | Failed to send telegram message: [Errno -3] Temporary failure in name resolution
2025-11-22 11:22:48,451 | WARNING | app.utils.price_cache | ⚠️ Could not initialize cache from REST: [Errno -3] Temporary failure in name resolution
2025-11-22 11:22:48,480 | INFO | app.utils.price_cache | 🔌 WebSocket listener thread STARTING for ETHUSDT
2025-11-22 11:22:48,531 | ERROR | app.utils.telegram | Failed to send telegram message: [Errno -3] Temporary failure in name resolution
2025-11-22 11:22:48,480 | ERROR | app.utils.price_cache | ❌ Redis connection error for ETHUSDT: Error 1 connecting to localhost:6379. Operation not permitted.
2025-11-22 11:22:48,575 | ERROR | app.utils.telegram | Failed to send telegram message: [Errno -3] Temporary failure in name resolution
2025-11-22 11:22:48,532 | WARNING | app.utils.price_cache | 🔌 WebSocket listener DISCONNECTED for ETHUSDT
2025-11-22 11:22:48,575 | INFO | app.utils.price_cache | 🔄 Attempting auto-restart for ETHUSDT...
2025-11-22 11:22:48,613 | ERROR | app.utils.telegram | Failed to send telegram message: [Errno -3] Temporary failure in name resolution
2025-11-22 11:22:48,575 | WARNING | app.utils.price_cache | 🔄 Restarting listener for ETHUSDT (attempt 1/5) in 1.0s...
2025-11-22 11:22:48,680 | INFO | app.utils.price_cache | ✅ Listener thread CONFIRMED RUNNING for ETHUSDT
2025-11-22 11:22:48,681 | INFO | app.utils.price_cache | 🏥 Health check monitor started for ETHUSDT
2025-11-22 11:22:48,681 | INFO | app.utils.price_cache | 🏥 Health check monitor STARTED for ETHUSDT
2025-11-22 11:22:48,752 | INFO | app.utils.price_cache | 🎧 Starting price cache listener for SOLUSDT on channel stream:binance:kline
2025-11-22 11:22:48,813 | ERROR | app.utils.telegram | Failed to send telegram message: [Errno -3] Temporary failure in name resolution
2025-11-22 11:22:48,785 | WARNING | app.utils.price_cache | ⚠️ Could not initialize cache from REST: [Errno -3] Temporary failure in name resolution
2025-11-22 11:22:48,814 | INFO | app.utils.price_cache | 🔌 WebSocket listener thread STARTING for SOLUSDT
2025-11-22 11:22:48,882 | ERROR | app.utils.telegram | Failed to send telegram message: [Errno -3] Temporary failure in name resolution
2025-11-22 11:22:48,815 | ERROR | app.utils.price_cache | ❌ Redis connection error for SOLUSDT: Error 1 connecting to localhost:6379. Operation not permitted.
2025-11-22 11:22:48,921 | ERROR | app.utils.telegram | Failed to send telegram message: [Errno -3] Temporary failure in name resolution
2025-11-22 11:22:48,882 | WARNING | app.utils.price_cache | 🔌 WebSocket listener DISCONNECTED for SOLUSDT
2025-11-22 11:22:48,921 | INFO | app.utils.price_cache | 🔄 Attempting auto-restart for SOLUSDT...
2025-11-22 11:22:48,949 | ERROR | app.utils.telegram | Failed to send telegram message: [Errno -3] Temporary failure in name resolution
2025-11-22 11:22:48,921 | WARNING | app.utils.price_cache | 🔄 Restarting listener for SOLUSDT (attempt 1/5) in 1.0s...
2025-11-22 11:22:49,014 | INFO | app.utils.price_cache | ✅ Listener thread CONFIRMED RUNNING for SOLUSDT
2025-11-22 11:22:49,015 | INFO | app.utils.price_cache | 🏥 Health check monitor started for SOLUSDT
2025-11-22 11:22:49,015 | INFO | app.utils.price_cache | 🏥 Health check monitor STARTED for SOLUSDT
2025-11-22 11:22:49,086 | INFO | app.monitoring.advanced_monitor | Starting advanced exit monitoring for BTCUSDT
2025-11-22 11:22:49,125 | ERROR | app.utils.telegram | Failed to send telegram message: [Errno -3] Temporary failure in name resolution
2025-11-22 11:22:49,094 | ERROR | app.monitoring.advanced_monitor | Failed to load active positions: (psycopg2.OperationalError) 
(Background on this error at: https://sqlalche.me/e/20/e3q8)
2025-11-22 11:22:49,131 | INFO | app.monitoring.advanced_monitor | Starting advanced exit monitoring for ETHUSDT
2025-11-22 11:22:49,161 | ERROR | app.utils.telegram | Failed to send telegram message: [Errno -3] Temporary failure in name resolution
2025-11-22 11:22:49,127 | WARNING | app.utils.price_cache | ⚠️ No price cached for BTCUSDT
2025-11-22 11:22:49,216 | ERROR | app.utils.telegram | Failed to send telegram message: [Errno -3] Temporary failure in name resolution
2025-11-22 11:22:49,132 | ERROR | app.monitoring.advanced_monitor | Failed to load active positions: (psycopg2.OperationalError) 
(Background on this error at: https://sqlalche.me/e/20/e3q8)
2025-11-22 11:22:49,219 | INFO | app.monitoring.advanced_monitor | Starting advanced exit monitoring for SOLUSDT
2025-11-22 11:22:49,250 | ERROR | app.utils.telegram | Failed to send telegram message: [Errno -3] Temporary failure in name resolution
2025-11-22 11:22:49,218 | WARNING | app.utils.price_cache | ⚠️ No price cached for ETHUSDT
2025-11-22 11:22:49,303 | ERROR | app.utils.telegram | Failed to send telegram message: [Errno -3] Temporary failure in name resolution
2025-11-22 11:22:49,220 | ERROR | app.monitoring.advanced_monitor | Failed to load active positions: (psycopg2.OperationalError) 
(Background on this error at: https://sqlalche.me/e/20/e3q8)
2025-11-22 11:22:49,311 | INFO | __main__ | ✅ Advanced exit monitoring started for all symbols
2025-11-22 11:22:49,311 | INFO | __main__ | Starting automated runner with 3min cycle (15min interval data, feature workers disabled)
2025-11-22 11:22:49,311 | INFO | __main__ | Active Learning: feedback=True retraining=True
2025-11-22 11:22:49,311 | INFO | __main__ | ✅ Feedback Collector started
2025-11-22 11:22:49,311 | INFO | __main__ | ✅ Retraining Scheduler started (daily at 02:00 UTC)
2025-11-22 11:22:49,311 | INFO | __main__ | ✅ Service Monitor started (checking every 5 minutes)
2025-11-22 11:22:49,313 | INFO | app.monitoring.position_monitor | Position Monitor initialized | symbol=BTCUSDT interval=180s dynamic_updates=False
2025-11-22 11:22:49,313 | INFO | __main__ | ✅ Position Monitor started for BTCUSDT (180-second interval checks for exit plan)
2025-11-22 11:22:49,313 | INFO | app.monitoring.position_monitor | Position Monitor initialized | symbol=ETHUSDT interval=180s dynamic_updates=False
2025-11-22 11:22:49,313 | INFO | __main__ | ✅ Position Monitor started for ETHUSDT (180-second interval checks for exit plan)
2025-11-22 11:22:49,313 | INFO | app.monitoring.position_monitor | Position Monitor initialized | symbol=SOLUSDT interval=180s dynamic_updates=False
2025-11-22 11:22:49,313 | INFO | __main__ | ✅ Position Monitor started for SOLUSDT (180-second interval checks for exit plan)
2025-11-22 11:22:49,313 | INFO | __main__ | Cycle started at 2025-11-22T11:22:49.313879+00:00 for symbols: ['BTCUSDT', 'ETHUSDT', 'SOLUSDT']
2025-11-22 11:22:49,313 | INFO | __main__ | 🚀 Phase 1: Starting parallel GLM evaluations for all symbols at 11:22:49.313
2025-11-22 11:22:49,314 | INFO | app.agents.feedback.collector | Feedback Collector started: check_interval=30m result_after=60m batch_size=20 glm=True
2025-11-22 11:22:49,314 | INFO | app.agents.feedback.collector | === Feedback Collection Cycle Started ===
2025-11-22 11:22:49,359 | ERROR | app.utils.telegram | Failed to send telegram message: [Errno -3] Temporary failure in name resolution
2025-11-22 11:22:49,227 | WARNING | app.monitoring.advanced_monitor | Could not fetch price from Binance API: [Errno -3] Temporary failure in name resolution
2025-11-22 11:22:49,405 | ERROR | app.utils.telegram | Failed to send telegram message: [Errno -3] Temporary failure in name resolution
2025-11-22 11:22:49,309 | WARNING | app.monitoring.advanced_monitor | Could not fetch price from Binance API: [Errno -3] Temporary failure in name resolution
2025-11-22 11:22:49,468 | ERROR | app.utils.telegram | Failed to send telegram message: [Errno -3] Temporary failure in name resolution
2025-11-22 11:22:49,311 | WARNING | app.utils.price_cache | ⚠️ No price cached for SOLUSDT
2025-11-22 11:22:49,551 | ERROR | app.utils.telegram | Failed to send telegram message: [Errno -3] Temporary failure in name resolution
2025-11-22 11:22:49,313 | ERROR | app.monitoring.advanced_monitor | WebSocket monitoring error: Cannot connect to host api.binance.com:443 ssl:default [Temporary failure in name resolution]
2025-11-22 11:22:49,574 | INFO | app.utils.telegram | Splitting Telegram message into 3 parts
2025-11-22 11:22:49,626 | ERROR | app.utils.telegram | Failed to send telegram message: [Errno -3] Temporary failure in name resolution
2025-11-22 11:22:49,990 | ERROR | app.utils.telegram | Failed to send telegram message: [Errno -3] Temporary failure in name resolution
2025-11-22 11:22:50,351 | ERROR | app.utils.telegram | Failed to send telegram message: [Errno -3] Temporary failure in name resolution
2025-11-22 11:22:49,315 | ERROR | app.agents.feedback.collector | Feedback Collector error: (psycopg2.OperationalError) 
(Background on this error at: https://sqlalche.me/e/20/e3q8)
Traceback (most recent call last):
  File "/root/trading/.venv/lib/python3.12/site-packages/sqlalchemy/engine/base.py", line 143, in __init__
    self._dbapi_connection = engine.raw_connection()
                             ^^^^^^^^^^^^^^^^^^^^^^^
  File "/root/trading/.venv/lib/python3.12/site-packages/sqlalchemy/engine/base.py", line 3301, in raw_connection
    return self.pool.connect()
           ^^^^^^^^^^^^^^^^^^^
  File "/root/trading/.venv/lib/python3.12/site-packages/sqlalchemy/pool/base.py", line 447, in connect
    return _ConnectionFairy._checkout(self)
           ^^^^^^^^^^^^^^^^^^^^^^^^^^^^^^^^
  File "/root/trading/.venv/lib/python3.12/site-packages/sqlalchemy/pool/base.py", line 1264, in _checkout
    fairy = _ConnectionRecord.checkout(pool)
            ^^^^^^^^^^^^^^^^^^^^^^^^^^^^^^^^
  File "/root/trading/.venv/lib/python3.12/site-packages/sqlalchemy/pool/base.py", line 711, in checkout
    rec = pool._do_get()
          ^^^^^^^^^^^^^^
  File "/root/trading/.venv/lib/python3.12/site-packages/sqlalchemy/pool/impl.py", line 177, in _do_get
    with util.safe_reraise():
  File "/root/trading/.venv/lib/python3.12/site-packages/sqlalchemy/util/langhelpers.py", line 224, in __exit__
    raise exc_value.with_traceback(exc_tb)
  File "/root/trading/.venv/lib/python3.12/site-packages/sqlalchemy/pool/impl.py", line 175, in _do_get
    return self._create_connection()
           ^^^^^^^^^^^^^^^^^^^^^^^^^
  File "/root/trading/.venv/lib/python3.12/site-packages/sqlalchemy/pool/base.py", line 388, in _create_connection
    return _ConnectionRecord(self)
           ^^^^^^^^^^^^^^^^^^^^^^^
  File "/root/trading/.venv/lib/python3.12/site-packages/sqlalchemy/pool/base.py", line 673, in __init__
    self.__connect()
  File "/root/trading/.venv/lib/python3.12/site-packages/sqlalchemy/pool/base.py", line 899, in __connect
    with util.safe_reraise():
  File "/root/trading/.venv/lib/python3.12/site-packages/sqlalchemy/util/langhelpers.py", line 224, in __exit__
    raise exc_value.with_traceback(exc_tb)
  File "/root/trading/.venv/lib/python3.12/site-packages/sqlalchemy/pool/base.py", line 895, in __connect
    self.dbapi_connection = connection = pool._invoke_creator(self)
                                         ^^^^^^^^^^^^^^^^^^^^^^^^^^
  File "/root/trading/.venv/lib/python3.12/site-packages/sqlalchemy/engine/create.py", line 661, in connect
    return dialect.connect(*cargs, **cparams)
           ^^^^^^^^^^^^^^^^^^^^^^^^^^^^^^^^^^
  File "/root/trading/.venv/lib/python3.12/site-packages/sqlalchemy/engine/default.py", line 629, in connect
    return self.loaded_dbapi.connect(*cargs, **cparams)  # type: ignore[no-any-return]  # NOQA: E501
           ^^^^^^^^^^^^^^^^^^^^^^^^^^^^^^^^^^^^^^^^^^^^
  File "/root/trading/.venv/lib/python3.12/site-packages/psycopg2/__init__.py", line 122, in connect
    conn = _connect(dsn, connection_factory=connection_factory, **kwasync)
           ^^^^^^^^^^^^^^^^^^^^^^^^^^^^^^^^^^^^^^^^^^^^^^^^^^^^^^^^^^^^^^^
psycopg2.OperationalError

The above exception was the direct cause of the following exception:

Traceback (most recent call last):
  File "/root/trading/app/agents/feedback/collector.py", line 65, in start
    await self._collect_cycle()
  File "/root/trading/app/agents/feedback/collector.py", line 91, in _collect_cycle
    pending = get_pending_predictions(
              ^^^^^^^^^^^^^^^^^^^^^^^^
  File "/root/trading/app/executor/ledger.py", line 517, in get_pending_predictions
    .all()
     ^^^^^
  File "/root/trading/.venv/lib/python3.12/site-packages/sqlalchemy/orm/query.py", line 2704, in all
    return self._iter().all()  # type: ignore
           ^^^^^^^^^^^^
  File "/root/trading/.venv/lib/python3.12/site-packages/sqlalchemy/orm/query.py", line 2857, in _iter
    result: Union[ScalarResult[_T], Result[_T]] = self.session.execute(
                                                  ^^^^^^^^^^^^^^^^^^^^^
  File "/root/trading/.venv/lib/python3.12/site-packages/sqlalchemy/orm/session.py", line 2351, in execute
    return self._execute_internal(
           ^^^^^^^^^^^^^^^^^^^^^^^
  File "/root/trading/.venv/lib/python3.12/site-packages/sqlalchemy/orm/session.py", line 2239, in _execute_internal
    conn = self._connection_for_bind(bind)
           ^^^^^^^^^^^^^^^^^^^^^^^^^^^^^^^
  File "/root/trading/.venv/lib/python3.12/site-packages/sqlalchemy/orm/session.py", line 2108, in _connection_for_bind
    return trans._connection_for_bind(engine, execution_options)
           ^^^^^^^^^^^^^^^^^^^^^^^^^^^^^^^^^^^^^^^^^^^^^^^^^^^^^
  File "<string>", line 2, in _connection_for_bind
  File "/root/trading/.venv/lib/python3.12/site-packages/sqlalchemy/orm/state_changes.py", line 137, in _go
    ret_value = fn(self, *arg, **kw)
                ^^^^^^^^^^^^^^^^^^^^
  File "/root/trading/.venv/lib/python3.12/site-packages/sqlalchemy/orm/session.py", line 1187, in _connection_for_bind
    conn = bind.connect()
           ^^^^^^^^^^^^^^
  File "/root/trading/.venv/lib/python3.12/site-packages/sqlalchemy/engine/base.py", line 3277, in connect
    return self._connection_cls(self)
           ^^^^^^^^^^^^^^^^^^^^^^^^^^
  File "/root/trading/.venv/lib/python3.12/site-packages/sqlalchemy/engine/base.py", line 145, in __init__
    Connection._handle_dbapi_exception_noconnection(
  File "/root/trading/.venv/lib/python3.12/site-packages/sqlalchemy/engine/base.py", line 2440, in _handle_dbapi_exception_noconnection
    raise sqlalchemy_exception.with_traceback(exc_info[2]) from e
  File "/root/trading/.venv/lib/python3.12/site-packages/sqlalchemy/engine/base.py", line 143, in __init__
    self._dbapi_connection = engine.raw_connection()
                             ^^^^^^^^^^^^^^^^^^^^^^^
  File "/root/trading/.venv/lib/python3.12/site-packages/sqlalchemy/engine/base.py", line 3301, in raw_connection
    return self.pool.connect()
           ^^^^^^^^^^^^^^^^^^^
  File "/root/trading/.venv/lib/python3.12/site-packages/sqlalchemy/pool/base.py", line 447, in connect
    return _ConnectionFairy._checkout(self)
           ^^^^^^^^^^^^^^^^^^^^^^^^^^^^^^^^
  File "/root/trading/.venv/lib/python3.12/site-packages/sqlalchemy/pool/base.py", line 1264, in _checkout
    fairy = _ConnectionRecord.checkout(pool)
            ^^^^^^^^^^^^^^^^^^^^^^^^^^^^^^^^
  File "/root/trading/.venv/lib/python3.12/site-packages/sqlalchemy/pool/base.py", line 711, in checkout
    rec = pool._do_get()
          ^^^^^^^^^^^^^^
  File "/root/trading/.venv/lib/python3.12/site-packages/sqlalchemy/pool/impl.py", line 177, in _do_get
    with util.safe_reraise():
  File "/root/trading/.venv/lib/python3.12/site-packages/sqlalchemy/util/langhelpers.py", line 224, in __exit__
    raise exc_value.with_traceback(exc_tb)
  File "/root/trading/.venv/lib/python3.12/site-packages/sqlalchemy/pool/impl.py", line 175, in _do_get
    return self._create_connection()
           ^^^^^^^^^^^^^^^^^^^^^^^^^
  File "/root/trading/.venv/lib/python3.12/site-packages/sqlalchemy/pool/base.py", line 388, in _create_connection
    return _ConnectionRecord(self)
           ^^^^^^^^^^^^^^^^^^^^^^^
  File "/root/trading/.venv/lib/python3.12/site-packages/sqlalchemy/pool/base.py", line 673, in __init__
    self.__connect()
  File "/root/trading/.venv/lib/python3.12/site-packages/sqlalchemy/pool/base.py", line 899, in __connect
    with util.safe_reraise():
  File "/root/trading/.venv/lib/python3.12/site-packages/sqlalchemy/util/langhelpers.py", line 224, in __exit__
    raise exc_value.with_traceback(exc_tb)
  File "/root/trading/.venv/lib/python3.12/site-packages/sqlalchemy/pool/base.py", line 895, in __connect
    self.dbapi_connection = connection = pool._invoke_creator(self)
                                         ^^^^^^^^^^^^^^^^^^^^^^^^^^
  File "/root/trading/.venv/lib/python3.12/site-packages/sqlalchemy/engine/create.py", line 661, in connect
    return dialect.connect(*cargs, **cparams)
           ^^^^^^^^^^^^^^^^^^^^^^^^^^^^^^^^^^
  File "/root/trading/.venv/lib/python3.12/site-packages/sqlalchemy/engine/default.py", line 629, in connect
    return self.loaded_dbapi.connect(*cargs, **cparams)  # type: ignore[no-any-return]  # NOQA: E501
           ^^^^^^^^^^^^^^^^^^^^^^^^^^^^^^^^^^^^^^^^^^^^
  File "/root/trading/.venv/lib/python3.12/site-packages/psycopg2/__init__.py", line 122, in connect
    conn = _connect(dsn, connection_factory=connection_factory, **kwasync)
           ^^^^^^^^^^^^^^^^^^^^^^^^^^^^^^^^^^^^^^^^^^^^^^^^^^^^^^^^^^^^^^^
sqlalchemy.exc.OperationalError: (psycopg2.OperationalError) 
(Background on this error at: https://sqlalche.me/e/20/e3q8)
2025-11-22 11:22:50,351 | INFO | __main__ | Daily retraining scheduler started
/root/trading/app/orchestrator/runtime.py:1065: DeprecationWarning: datetime.datetime.utcnow() is deprecated and scheduled for removal in a future version. Use timezone-aware objects to represent datetimes in UTC: datetime.datetime.now(datetime.UTC).
  now = datetime.utcnow()
2025-11-22 11:22:50,351 | INFO | __main__ | Next retraining scheduled at 2025-11-23T02:00:00 UTC (in 14.6 hours)
2025-11-22 11:22:50,352 | INFO | __main__ | Service monitoring loop started
2025-11-22 11:22:50,352 | INFO | app.monitoring.position_monitor | Position Monitor started (3-minute interval checks)
2025-11-22 11:22:50,406 | ERROR | app.utils.telegram | Failed to send telegram message: [Errno -3] Temporary failure in name resolution
2025-11-22 11:22:49,533 | WARNING | app.monitoring.advanced_monitor | Could not fetch price from Binance API: [Errno -3] Temporary failure in name resolution
2025-11-22 11:22:50,452 | ERROR | app.utils.telegram | Failed to send telegram message: [Errno -3] Temporary failure in name resolution
2025-11-22 11:22:50,353 | ERROR | app.monitoring.position_monitor | Failed to get open position: (psycopg2.OperationalError) 
(Background on this error at: https://sqlalche.me/e/20/e3q8)
2025-11-22 11:22:50,452 | INFO | app.monitoring.position_monitor | Position Monitor started (3-minute interval checks)
2025-11-22 11:22:50,491 | ERROR | app.utils.telegram | Failed to send telegram message: [Errno -3] Temporary failure in name resolution
2025-11-22 11:22:50,453 | ERROR | app.monitoring.position_monitor | Failed to get open position: (psycopg2.OperationalError) 
(Background on this error at: https://sqlalche.me/e/20/e3q8)
2025-11-22 11:22:50,491 | INFO | app.monitoring.position_monitor | Position Monitor started (3-minute interval checks)
2025-11-22 11:22:50,523 | ERROR | app.utils.telegram | Failed to send telegram message: [Errno -3] Temporary failure in name resolution
2025-11-22 11:22:50,492 | ERROR | app.monitoring.position_monitor | Failed to get open position: (psycopg2.OperationalError) 
(Background on this error at: https://sqlalche.me/e/20/e3q8)
2025-11-22 11:22:50,528 | INFO | app.utils.influx | InfluxDB client initializing (PID: 3823143)
2025-11-22 11:22:50,529 | INFO | app.utils.influx | InfluxDB client initializing (PID: 3823143)
2025-11-22 11:22:50,529 | INFO | app.utils.influx | InfluxDB client initializing (PID: 3823143)
2025-11-22 11:22:50,529 | INFO | app.utils.influx | InfluxDB client initializing (PID: 3823143)
2025-11-22 11:22:50,563 | ERROR | app.utils.telegram | Failed to send telegram message: [Errno -3] Temporary failure in name resolution
2025-11-22 11:22:50,534 | ERROR | app.monitoring.position_monitor | WebSocket monitoring error: Cannot connect to host api.binance.com:443 ssl:default [Temporary failure in name resolution]
2025-11-22 11:22:50,626 | ERROR | app.utils.telegram | Failed to send telegram message: [Errno -3] Temporary failure in name resolution
2025-11-22 11:22:50,539 | WARNING | app.utils.influx | Failed to fetch latest snapshot for enriched_1m/BTCUSDT/1m: <urllib3.connection.HTTPConnection object at 0x7290983139e0>: Failed to establish a new connection: [Errno 1] Operation not permitted
2025-11-22 11:22:50,682 | ERROR | app.utils.telegram | Failed to send telegram message: [Errno -3] Temporary failure in name resolution
2025-11-22 11:22:50,541 | WARNING | app.utils.influx | Failed to fetch latest snapshot for enriched_1m/ETHUSDT/1m: <urllib3.connection.HTTPConnection object at 0x7290983488f0>: Failed to establish a new connection: [Errno 1] Operation not permitted
2025-11-22 11:22:50,745 | ERROR | app.utils.telegram | Failed to send telegram message: [Errno -3] Temporary failure in name resolution
2025-11-22 11:22:50,542 | WARNING | app.utils.influx | Failed to fetch latest snapshot for enriched_1m/SOLUSDT/1m: <urllib3.connection.HTTPConnection object at 0x729098348dd0>: Failed to establish a new connection: [Errno 1] Operation not permitted
2025-11-22 11:22:50,801 | ERROR | app.utils.telegram | Failed to send telegram message: [Errno -3] Temporary failure in name resolution
2025-11-22 11:22:50,563 | ERROR | app.monitoring.position_monitor | WebSocket monitoring error: Cannot connect to host api.binance.com:443 ssl:default [Temporary failure in name resolution]
2025-11-22 11:22:50,867 | ERROR | app.utils.telegram | Failed to send telegram message: [Errno -3] Temporary failure in name resolution
2025-11-22 11:22:50,628 | WARNING | app.utils.influx | Failed to fetch latest snapshot for enriched_5m/BTCUSDT/5m: <urllib3.connection.HTTPConnection object at 0x7290985356a0>: Failed to establish a new connection: [Errno 1] Operation not permitted
2025-11-22 11:22:50,938 | ERROR | app.utils.telegram | Failed to send telegram message: [Errno -3] Temporary failure in name resolution
2025-11-22 11:22:50,683 | WARNING | app.utils.influx | Failed to fetch latest snapshot for enriched_5m/ETHUSDT/5m: <urllib3.connection.HTTPConnection object at 0x729098534fe0>: Failed to establish a new connection: [Errno 1] Operation not permitted
2025-11-22 11:22:50,998 | ERROR | app.utils.telegram | Failed to send telegram message: [Errno -3] Temporary failure in name resolution
2025-11-22 11:22:50,747 | WARNING | app.utils.influx | Failed to fetch latest snapshot for enriched_5m/SOLUSDT/5m: <urllib3.connection.HTTPConnection object at 0x729098514320>: Failed to establish a new connection: [Errno 1] Operation not permitted
2025-11-22 11:22:51,062 | ERROR | app.utils.telegram | Failed to send telegram message: [Errno -3] Temporary failure in name resolution
2025-11-22 11:22:50,801 | ERROR | app.monitoring.position_monitor | WebSocket monitoring error: Cannot connect to host api.binance.com:443 ssl:default [Temporary failure in name resolution]
2025-11-22 11:22:51,062 | WARNING | __main__ | [BTCUSDT] Backtest data loading failed: <urllib3.connection.HTTPConnection object at 0x729098313560>: Failed to establish a new connection: [Errno 1] Operation not permitted
2025-11-22 11:22:51,062 | WARNING | __main__ | [SOLUSDT] Backtest data loading failed: <urllib3.connection.HTTPConnection object at 0x729098313dd0>: Failed to establish a new connection: [Errno 1] Operation not permitted
2025-11-22 11:22:51,062 | WARNING | __main__ | [ETHUSDT] Backtest data loading failed: <urllib3.connection.HTTPConnection object at 0x7290983483b0>: Failed to establish a new connection: [Errno 1] Operation not permitted
2025-11-22 11:22:51,127 | ERROR | app.utils.telegram | Failed to send telegram message: [Errno -3] Temporary failure in name resolution
2025-11-22 11:22:50,876 | WARNING | app.utils.influx | Failed to fetch latest snapshot for enriched_15min/BTCUSDT/15min: <urllib3.connection.HTTPConnection object at 0x72909b68b110>: Failed to establish a new connection: [Errno 1] Operation not permitted
2025-11-22 11:22:51,200 | ERROR | app.utils.telegram | Failed to send telegram message: [Errno -3] Temporary failure in name resolution
2025-11-22 11:22:50,940 | WARNING | app.utils.influx | Failed to fetch latest snapshot for enriched_15min/ETHUSDT/15min: <urllib3.connection.HTTPConnection object at 0x72909b6e7800>: Failed to establish a new connection: [Errno 1] Operation not permitted
2025-11-22 11:22:51,262 | ERROR | app.utils.telegram | Failed to send telegram message: [Errno -3] Temporary failure in name resolution
2025-11-22 11:22:50,999 | WARNING | app.utils.influx | Failed to fetch latest snapshot for enriched_15min/SOLUSDT/15min: <urllib3.connection.HTTPConnection object at 0x729098534bf0>: Failed to establish a new connection: [Errno 1] Operation not permitted
2025-11-22 11:22:51,329 | ERROR | app.utils.telegram | Failed to send telegram message: [Errno -3] Temporary failure in name resolution
2025-11-22 11:22:51,137 | WARNING | app.utils.influx | Failed to fetch latest snapshot for enriched_30min/BTCUSDT/30min: <urllib3.connection.HTTPConnection object at 0x729098348ec0>: Failed to establish a new connection: [Errno 1] Operation not permitted
2025-11-22 11:22:51,381 | ERROR | app.utils.telegram | Failed to send telegram message: [Errno -3] Temporary failure in name resolution
2025-11-22 11:22:51,202 | WARNING | app.utils.influx | Failed to fetch latest snapshot for enriched_30min/ETHUSDT/30min: <urllib3.connection.HTTPConnection object at 0x729098536390>: Failed to establish a new connection: [Errno 1] Operation not permitted
2025-11-22 11:22:51,448 | ERROR | app.utils.telegram | Failed to send telegram message: [Errno -3] Temporary failure in name resolution
2025-11-22 11:22:51,263 | WARNING | app.utils.influx | Failed to fetch latest snapshot for enriched_30min/SOLUSDT/30min: <urllib3.connection.HTTPConnection object at 0x72909b6e4ef0>: Failed to establish a new connection: [Errno 1] Operation not permitted
2025-11-22 11:22:51,519 | ERROR | app.utils.telegram | Failed to send telegram message: [Errno -3] Temporary failure in name resolution
2025-11-22 11:22:51,330 | WARNING | app.utils.influx | Failed to fetch latest snapshot for enriched_1h/BTCUSDT/1h: <urllib3.connection.HTTPConnection object at 0x72909b689fd0>: Failed to establish a new connection: [Errno 1] Operation not permitted
2025-11-22 11:22:51,583 | ERROR | app.utils.telegram | Failed to send telegram message: [Errno -3] Temporary failure in name resolution
2025-11-22 11:22:51,392 | WARNING | app.utils.influx | Failed to fetch latest snapshot for enriched_1h/ETHUSDT/1h: <urllib3.connection.HTTPConnection object at 0x72909834a690>: Failed to establish a new connection: [Errno 1] Operation not permitted
2025-11-22 11:22:51,641 | ERROR | app.utils.telegram | Failed to send telegram message: [Errno -3] Temporary failure in name resolution
2025-11-22 11:22:51,449 | WARNING | app.utils.influx | Failed to fetch latest snapshot for enriched_1h/SOLUSDT/1h: <urllib3.connection.HTTPConnection object at 0x729098534440>: Failed to establish a new connection: [Errno 1] Operation not permitted
2025-11-22 11:22:51,680 | ERROR | app.utils.telegram | Failed to send telegram message: [Errno -3] Temporary failure in name resolution
2025-11-22 11:22:51,520 | WARNING | app.utils.influx | Failed to fetch latest snapshot for enriched_4h/BTCUSDT/4h: <urllib3.connection.HTTPConnection object at 0x7290985155e0>: Failed to establish a new connection: [Errno 1] Operation not permitted
2025-11-22 11:22:51,742 | ERROR | app.utils.telegram | Failed to send telegram message: [Errno -3] Temporary failure in name resolution
2025-11-22 11:22:51,584 | WARNING | app.utils.influx | Failed to fetch latest snapshot for enriched_4h/ETHUSDT/4h: <urllib3.connection.HTTPConnection object at 0x729098349340>: Failed to establish a new connection: [Errno 1] Operation not permitted
2025-11-22 11:22:51,798 | ERROR | app.utils.telegram | Failed to send telegram message: [Errno -3] Temporary failure in name resolution
2025-11-22 11:22:51,643 | WARNING | app.utils.influx | Failed to fetch latest snapshot for enriched_4h/SOLUSDT/4h: <urllib3.connection.HTTPConnection object at 0x7290985156d0>: Failed to establish a new connection: [Errno 1] Operation not permitted
2025-11-22 11:22:51,867 | ERROR | app.utils.telegram | Failed to send telegram message: [Errno -3] Temporary failure in name resolution
2025-11-22 11:22:51,682 | WARNING | app.utils.influx | Failed to fetch latest snapshot for enriched_1d/BTCUSDT/1d: <urllib3.connection.HTTPConnection object at 0x729098537800>: Failed to establish a new connection: [Errno 1] Operation not permitted
2025-11-22 11:22:51,929 | ERROR | app.utils.telegram | Failed to send telegram message: [Errno -3] Temporary failure in name resolution
2025-11-22 11:22:51,744 | WARNING | app.utils.influx | Failed to fetch latest snapshot for enriched_1d/ETHUSDT/1d: <urllib3.connection.HTTPConnection object at 0x729098348f80>: Failed to establish a new connection: [Errno 1] Operation not permitted
2025-11-22 11:22:51,991 | ERROR | app.utils.telegram | Failed to send telegram message: [Errno -3] Temporary failure in name resolution
2025-11-22 11:22:51,803 | WARNING | app.utils.influx | Failed to fetch latest snapshot for enriched_1d/SOLUSDT/1d: <urllib3.connection.HTTPConnection object at 0x72909834bad0>: Failed to establish a new connection: [Errno 1] Operation not permitted
2025-11-22 11:22:52,060 | ERROR | app.utils.telegram | Failed to send telegram message: [Errno -3] Temporary failure in name resolution
2025-11-22 11:22:51,868 | WARNING | app.utils.influx | Failed to fetch latest snapshot for derivatives/BTCUSDT/30m: <urllib3.connection.HTTPConnection object at 0x729098536630>: Failed to establish a new connection: [Errno 1] Operation not permitted
2025-11-22 11:22:52,131 | ERROR | app.utils.telegram | Failed to send telegram message: [Errno -3] Temporary failure in name resolution
2025-11-22 11:22:51,930 | WARNING | app.utils.influx | Failed to fetch latest snapshot for derivatives/ETHUSDT/30m: <urllib3.connection.HTTPConnection object at 0x72909834b260>: Failed to establish a new connection: [Errno 1] Operation not permitted
2025-11-22 11:22:52,195 | ERROR | app.utils.telegram | Failed to send telegram message: [Errno -3] Temporary failure in name resolution
2025-11-22 11:22:51,993 | WARNING | app.utils.influx | Failed to fetch latest snapshot for derivatives/SOLUSDT/30m: <urllib3.connection.HTTPConnection object at 0x7290983883e0>: Failed to establish a new connection: [Errno 1] Operation not permitted
2025-11-22 11:22:52,239 | ERROR | app.utils.telegram | Failed to send telegram message: [Errno -3] Temporary failure in name resolution
2025-11-22 11:22:52,070 | WARNING | app.utils.influx | Failed to fetch historical snapshots: <urllib3.connection.HTTPConnection object at 0x729098515760>: Failed to establish a new connection: [Errno 1] Operation not permitted
2025-11-22 11:22:52,312 | ERROR | app.utils.telegram | Failed to send telegram message: [Errno -3] Temporary failure in name resolution
2025-11-22 11:22:52,132 | WARNING | app.utils.influx | Failed to fetch historical snapshots: <urllib3.connection.HTTPConnection object at 0x7290983497f0>: Failed to establish a new connection: [Errno 1] Operation not permitted
2025-11-22 11:22:52,376 | ERROR | app.utils.telegram | Failed to send telegram message: [Errno -3] Temporary failure in name resolution
2025-11-22 11:22:52,196 | WARNING | app.utils.influx | Failed to fetch historical snapshots: <urllib3.connection.HTTPConnection object at 0x72909b63baa0>: Failed to establish a new connection: [Errno 1] Operation not permitted
2025-11-22 11:22:52,410 | ERROR | app.utils.telegram | Failed to send telegram message: [Errno -3] Temporary failure in name resolution
2025-11-22 11:22:52,244 | WARNING | app.utils.influx | Failed to fetch historical snapshots: <urllib3.connection.HTTPConnection object at 0x729098388650>: Failed to establish a new connection: [Errno 1] Operation not permitted
2025-11-22 11:22:52,453 | ERROR | app.utils.telegram | Failed to send telegram message: [Errno -3] Temporary failure in name resolution
2025-11-22 11:22:52,315 | WARNING | app.utils.influx | Failed to fetch historical snapshots: <urllib3.connection.HTTPConnection object at 0x7290985348f0>: Failed to establish a new connection: [Errno 1] Operation not permitted
2025-11-22 11:22:52,508 | ERROR | app.utils.telegram | Failed to send telegram message: [Errno -3] Temporary failure in name resolution
2025-11-22 11:22:52,378 | WARNING | app.utils.influx | Failed to fetch historical snapshots: <urllib3.connection.HTTPConnection object at 0x729098388890>: Failed to establish a new connection: [Errno 1] Operation not permitted
2025-11-22 11:22:52,585 | ERROR | app.utils.telegram | Failed to send telegram message: [Errno -3] Temporary failure in name resolution
2025-11-22 11:22:52,411 | WARNING | app.utils.influx | Failed to fetch historical snapshots: <urllib3.connection.HTTPConnection object at 0x729098389a90>: Failed to establish a new connection: [Errno 1] Operation not permitted
2025-11-22 11:22:52,647 | ERROR | app.utils.telegram | Failed to send telegram message: [Errno -3] Temporary failure in name resolution
2025-11-22 11:22:52,455 | WARNING | app.utils.influx | Failed to fetch historical snapshots: <urllib3.connection.HTTPConnection object at 0x7290985158b0>: Failed to establish a new connection: [Errno 1] Operation not permitted
2025-11-22 11:22:52,687 | ERROR | app.utils.telegram | Failed to send telegram message: [Errno -3] Temporary failure in name resolution
2025-11-22 11:22:52,509 | WARNING | app.utils.influx | Failed to fetch historical snapshots: <urllib3.connection.HTTPConnection object at 0x72909834bda0>: Failed to establish a new connection: [Errno 1] Operation not permitted
2025-11-22 11:22:52,720 | ERROR | app.utils.telegram | Failed to send telegram message: [Errno -3] Temporary failure in name resolution
2025-11-22 11:22:52,688 | WARNING | app.utils.influx | Failed to fetch historical snapshots: <urllib3.connection.HTTPConnection object at 0x729098514d70>: Failed to establish a new connection: [Errno 1] Operation not permitted
2025-11-22 11:22:52,753 | ERROR | app.utils.telegram | Failed to send telegram message: [Errno -3] Temporary failure in name resolution
2025-11-22 11:22:52,652 | WARNING | app.utils.influx | Failed to fetch historical snapshots: <urllib3.connection.HTTPConnection object at 0x72909838b590>: Failed to establish a new connection: [Errno 1] Operation not permitted
2025-11-22 11:22:52,786 | ERROR | app.utils.telegram | Failed to send telegram message: [Errno -3] Temporary failure in name resolution
2025-11-22 11:22:52,586 | WARNING | app.utils.influx | Failed to fetch historical snapshots: <urllib3.connection.HTTPConnection object at 0x729098388f50>: Failed to establish a new connection: [Errno 1] Operation not permitted
2025-11-22 11:22:52,816 | ERROR | app.utils.telegram | Failed to send telegram message: [Errno -3] Temporary failure in name resolution
2025-11-22 11:22:52,724 | WARNING | app.utils.influx | Failed to fetch historical snapshots: <urllib3.connection.HTTPConnection object at 0x729098388320>: Failed to establish a new connection: [Errno 1] Operation not permitted
2025-11-22 11:22:52,851 | ERROR | app.utils.telegram | Failed to send telegram message: [Errno -3] Temporary failure in name resolution
2025-11-22 11:22:52,755 | WARNING | app.utils.influx | Failed to fetch historical snapshots: <urllib3.connection.HTTPConnection object at 0x7290983d0230>: Failed to establish a new connection: [Errno 1] Operation not permitted
2025-11-22 11:22:52,912 | ERROR | app.utils.telegram | Failed to send telegram message: [Errno -3] Temporary failure in name resolution
2025-11-22 11:22:52,789 | WARNING | app.utils.influx | Failed to fetch historical snapshots: <urllib3.connection.HTTPConnection object at 0x72909838bc20>: Failed to establish a new connection: [Errno 1] Operation not permitted
2025-11-22 11:22:52,979 | ERROR | app.utils.telegram | Failed to send telegram message: [Errno -3] Temporary failure in name resolution
2025-11-22 11:22:52,818 | WARNING | app.utils.influx | Failed to fetch historical snapshots: <urllib3.connection.HTTPConnection object at 0x72909838b170>: Failed to establish a new connection: [Errno 1] Operation not permitted
2025-11-22 11:22:53,044 | ERROR | app.utils.telegram | Failed to send telegram message: [Errno -3] Temporary failure in name resolution
2025-11-22 11:22:52,852 | WARNING | app.utils.influx | Failed to fetch historical snapshots: <urllib3.connection.HTTPConnection object at 0x729098349280>: Failed to establish a new connection: [Errno 1] Operation not permitted
2025-11-22 11:22:53,109 | ERROR | app.utils.telegram | Failed to send telegram message: [Errno -3] Temporary failure in name resolution
2025-11-22 11:22:52,918 | WARNING | app.utils.influx | Failed to fetch historical snapshots: <urllib3.connection.HTTPConnection object at 0x7290983d15b0>: Failed to establish a new connection: [Errno 1] Operation not permitted
2025-11-22 11:22:53,169 | ERROR | app.utils.telegram | Failed to send telegram message: [Errno -3] Temporary failure in name resolution
2025-11-22 11:22:52,980 | WARNING | app.utils.influx | Failed to fetch historical snapshots: <urllib3.connection.HTTPConnection object at 0x7290985158b0>: Failed to establish a new connection: [Errno 1] Operation not permitted
2025-11-22 11:22:53,225 | ERROR | app.utils.telegram | Failed to send telegram message: [Errno -3] Temporary failure in name resolution
2025-11-22 11:22:53,045 | WARNING | app.utils.influx | Failed to fetch historical snapshots: <urllib3.connection.HTTPConnection object at 0x72909838bad0>: Failed to establish a new connection: [Errno 1] Operation not permitted
2025-11-22 11:22:53,290 | ERROR | app.utils.telegram | Failed to send telegram message: [Errno -3] Temporary failure in name resolution
2025-11-22 11:22:53,110 | WARNING | app.utils.influx | Failed to fetch historical snapshots: <urllib3.connection.HTTPConnection object at 0x7290983d1df0>: Failed to establish a new connection: [Errno 1] Operation not permitted
2025-11-22 11:22:53,355 | ERROR | app.utils.telegram | Failed to send telegram message: [Errno -3] Temporary failure in name resolution
2025-11-22 11:22:53,183 | WARNING | app.utils.influx | Failed to fetch historical snapshots: <urllib3.connection.HTTPConnection object at 0x729098389250>: Failed to establish a new connection: [Errno 1] Operation not permitted
2025-11-22 11:22:53,439 | ERROR | app.utils.telegram | Failed to send telegram message: [Errno -3] Temporary failure in name resolution
2025-11-22 11:22:53,226 | WARNING | app.utils.influx | Failed to fetch historical snapshots: <urllib3.connection.HTTPConnection object at 0x72909838bc50>: Failed to establish a new connection: [Errno 1] Operation not permitted
2025-11-22 11:22:53,517 | ERROR | app.utils.telegram | Failed to send telegram message: [Errno -3] Temporary failure in name resolution
2025-11-22 11:22:53,292 | WARNING | app.utils.influx | Failed to fetch historical snapshots: <urllib3.connection.HTTPConnection object at 0x729098389f70>: Failed to establish a new connection: [Errno 1] Operation not permitted
2025-11-22 11:22:53,585 | ERROR | app.utils.telegram | Failed to send telegram message: [Errno -3] Temporary failure in name resolution
2025-11-22 11:22:53,424 | WARNING | app.utils.influx | Binance API fiyat alınamadı: [Errno -3] Temporary failure in name resolution
2025-11-22 11:22:53,645 | ERROR | app.utils.telegram | Failed to send telegram message: [Errno -3] Temporary failure in name resolution
2025-11-22 11:22:53,490 | WARNING | app.utils.influx | Binance API fiyat alınamadı: [Errno -3] Temporary failure in name resolution
2025-11-22 11:22:53,710 | ERROR | app.utils.telegram | Failed to send telegram message: [Errno -3] Temporary failure in name resolution
2025-11-22 11:22:53,578 | WARNING | app.utils.influx | Binance API fiyat alınamadı: [Errno -3] Temporary failure in name resolution
2025-11-22 11:22:53,773 | ERROR | app.utils.telegram | Failed to send telegram message: [Errno -3] Temporary failure in name resolution
2025-11-22 11:22:53,585 | WARNING | app.utils.influx | Failed to fetch latest snapshot for enriched_15min/SOLUSDT/15min: <urllib3.connection.HTTPConnection object at 0x72909834a3f0>: Failed to establish a new connection: [Errno 1] Operation not permitted
2025-11-22 11:22:53,811 | ERROR | app.utils.telegram | Failed to send telegram message: [Errno -3] Temporary failure in name resolution
2025-11-22 11:22:53,654 | WARNING | app.utils.influx | Failed to fetch latest snapshot for enriched_15min/ETHUSDT/15min: <urllib3.connection.HTTPConnection object at 0x729098388590>: Failed to establish a new connection: [Errno 1] Operation not permitted
2025-11-22 11:22:53,842 | ERROR | app.utils.telegram | Failed to send telegram message: [Errno -3] Temporary failure in name resolution
2025-11-22 11:22:53,711 | WARNING | app.utils.influx | Failed to fetch latest snapshot for enriched_15min/BTCUSDT/15min: <urllib3.connection.HTTPConnection object at 0x729098388ec0>: Failed to establish a new connection: [Errno 1] Operation not permitted
2025-11-22 11:22:58,411 | ERROR | app.utils.telegram | Failed to send telegram message: [Errno -3] Temporary failure in name resolution
2025-11-22 11:22:58,367 | ERROR | app.utils.price_cache | ❌ Listener thread DEAD for BTCUSDT, restarting...
2025-11-22 11:22:58,457 | ERROR | app.utils.telegram | Failed to send telegram message: [Errno -3] Temporary failure in name resolution
2025-11-22 11:22:58,412 | WARNING | app.utils.price_cache | 🔄 Restarting listener for BTCUSDT (attempt 2/5) in 2.0s...
2025-11-22 11:22:58,747 | ERROR | app.utils.telegram | Failed to send telegram message: [Errno -3] Temporary failure in name resolution
2025-11-22 11:22:58,681 | ERROR | app.utils.price_cache | ❌ Listener thread DEAD for ETHUSDT, restarting...
2025-11-22 11:22:58,783 | ERROR | app.utils.telegram | Failed to send telegram message: [Errno -3] Temporary failure in name resolution
2025-11-22 11:22:58,747 | WARNING | app.utils.price_cache | 🔄 Restarting listener for ETHUSDT (attempt 2/5) in 2.0s...
2025-11-22 11:22:59,065 | ERROR | app.utils.telegram | Failed to send telegram message: [Errno -3] Temporary failure in name resolution
2025-11-22 11:22:59,016 | ERROR | app.utils.price_cache | ❌ Listener thread DEAD for SOLUSDT, restarting...
2025-11-22 11:22:59,097 | ERROR | app.utils.telegram | Failed to send telegram message: [Errno -3] Temporary failure in name resolution
2025-11-22 11:22:59,065 | WARNING | app.utils.price_cache | 🔄 Restarting listener for SOLUSDT (attempt 2/5) in 2.0s...
2025-11-22 11:22:59,202 | ERROR | app.utils.telegram | Failed to send telegram message: [Errno -3] Temporary failure in name resolution
2025-11-22 11:22:59,139 | ERROR | app.monitoring.advanced_monitor | WebSocket monitoring error: 
2025-11-22 11:23:00,222 | ERROR | app.utils.telegram | Failed to send telegram message: [Errno -3] Temporary failure in name resolution
2025-11-22 11:23:00,151 | ERROR | app.monitoring.advanced_monitor | WebSocket monitoring error: 
2025-11-22 11:23:00,457 | INFO | app.utils.price_cache | 🎧 Starting price cache listener for BTCUSDT on channel stream:binance:kline
2025-11-22 11:23:00,558 | ERROR | app.utils.telegram | Failed to send telegram message: [Errno -3] Temporary failure in name resolution
2025-11-22 11:23:00,522 | WARNING | app.utils.price_cache | ⚠️ Could not initialize cache from REST: [Errno -3] Temporary failure in name resolution
2025-11-22 11:23:00,559 | INFO | app.utils.price_cache | 🔌 WebSocket listener thread STARTING for BTCUSDT
2025-11-22 11:23:00,626 | ERROR | app.utils.telegram | Failed to send telegram message: [Errno -3] Temporary failure in name resolution
2025-11-22 11:23:00,560 | ERROR | app.utils.price_cache | ❌ Redis connection error for BTCUSDT: Error 1 connecting to localhost:6379. Operation not permitted.
2025-11-22 11:23:00,668 | ERROR | app.utils.telegram | Failed to send telegram message: [Errno -3] Temporary failure in name resolution
2025-11-22 11:23:00,627 | WARNING | app.utils.price_cache | 🔌 WebSocket listener DISCONNECTED for BTCUSDT
2025-11-22 11:23:00,668 | INFO | app.utils.price_cache | 🔄 Attempting auto-restart for BTCUSDT...
2025-11-22 11:23:00,706 | ERROR | app.utils.telegram | Failed to send telegram message: [Errno -3] Temporary failure in name resolution
2025-11-22 11:23:00,668 | WARNING | app.utils.price_cache | 🔄 Restarting listener for BTCUSDT (attempt 3/5) in 4.0s...
2025-11-22 11:23:00,759 | INFO | app.utils.price_cache | ✅ Listener thread CONFIRMED RUNNING for BTCUSDT
2025-11-22 11:23:00,761 | INFO | app.utils.price_cache | 🏥 Health check monitor started for BTCUSDT
2025-11-22 11:23:00,762 | INFO | app.utils.price_cache | 🏥 Health check monitor STARTED for BTCUSDT
2025-11-22 11:23:00,783 | INFO | app.utils.price_cache | 🎧 Starting price cache listener for ETHUSDT on channel stream:binance:kline
2025-11-22 11:23:00,885 | ERROR | app.utils.telegram | Failed to send telegram message: [Errno -3] Temporary failure in name resolution
2025-11-22 11:23:00,846 | WARNING | app.utils.price_cache | ⚠️ Could not initialize cache from REST: [Errno -3] Temporary failure in name resolution
2025-11-22 11:23:00,886 | INFO | app.utils.price_cache | 🔌 WebSocket listener thread STARTING for ETHUSDT
2025-11-22 11:23:00,953 | ERROR | app.utils.telegram | Failed to send telegram message: [Errno -3] Temporary failure in name resolution
2025-11-22 11:23:00,887 | ERROR | app.utils.price_cache | ❌ Redis connection error for ETHUSDT: Error 1 connecting to localhost:6379. Operation not permitted.
2025-11-22 11:23:00,992 | ERROR | app.utils.telegram | Failed to send telegram message: [Errno -3] Temporary failure in name resolution
2025-11-22 11:23:00,953 | WARNING | app.utils.price_cache | 🔌 WebSocket listener DISCONNECTED for ETHUSDT
2025-11-22 11:23:00,992 | INFO | app.utils.price_cache | 🔄 Attempting auto-restart for ETHUSDT...
2025-11-22 11:23:01,025 | ERROR | app.utils.telegram | Failed to send telegram message: [Errno -3] Temporary failure in name resolution
2025-11-22 11:23:00,992 | WARNING | app.utils.price_cache | 🔄 Restarting listener for ETHUSDT (attempt 3/5) in 4.0s...
2025-11-22 11:23:01,086 | INFO | app.utils.price_cache | ✅ Listener thread CONFIRMED RUNNING for ETHUSDT
2025-11-22 11:23:01,096 | INFO | app.utils.price_cache | 🏥 Health check monitor STARTED for ETHUSDT
2025-11-22 11:23:01,097 | INFO | app.utils.price_cache | 🏥 Health check monitor started for ETHUSDT
2025-11-22 11:23:01,098 | INFO | app.utils.price_cache | 🎧 Starting price cache listener for SOLUSDT on channel stream:binance:kline
2025-11-22 11:23:01,184 | ERROR | app.utils.telegram | Failed to send telegram message: [Errno -3] Temporary failure in name resolution
2025-11-22 11:23:01,152 | WARNING | app.utils.price_cache | ⚠️ Could not initialize cache from REST: [Errno -3] Temporary failure in name resolution
2025-11-22 11:23:01,185 | INFO | app.utils.price_cache | 🔌 WebSocket listener thread STARTING for SOLUSDT
2025-11-22 11:23:01,215 | ERROR | app.utils.telegram | Failed to send telegram message: [Errno -3] Temporary failure in name resolution
2025-11-22 11:23:01,185 | ERROR | app.utils.price_cache | ❌ Redis connection error for SOLUSDT: Error 1 connecting to localhost:6379. Operation not permitted.
2025-11-22 11:23:01,246 | ERROR | app.utils.telegram | Failed to send telegram message: [Errno -3] Temporary failure in name resolution
2025-11-22 11:23:01,215 | WARNING | app.utils.price_cache | 🔌 WebSocket listener DISCONNECTED for SOLUSDT
2025-11-22 11:23:01,246 | INFO | app.utils.price_cache | 🔄 Attempting auto-restart for SOLUSDT...
2025-11-22 11:23:01,276 | ERROR | app.utils.telegram | Failed to send telegram message: [Errno -3] Temporary failure in name resolution
2025-11-22 11:23:01,246 | WARNING | app.utils.price_cache | 🔄 Restarting listener for SOLUSDT (attempt 3/5) in 4.0s...
2025-11-22 11:23:01,385 | INFO | app.utils.price_cache | ✅ Listener thread CONFIRMED RUNNING for SOLUSDT
2025-11-22 11:23:01,386 | INFO | app.utils.price_cache | 🏥 Health check monitor started for SOLUSDT
2025-11-22 11:23:01,387 | INFO | app.utils.price_cache | 🏥 Health check monitor STARTED for SOLUSDT
2025-11-22 11:23:10,827 | ERROR | app.utils.telegram | Failed to send telegram message: [Errno -3] Temporary failure in name resolution
2025-11-22 11:23:10,762 | ERROR | app.utils.price_cache | ❌ Listener thread DEAD for BTCUSDT, restarting...
2025-11-22 11:23:10,868 | ERROR | app.utils.telegram | Failed to send telegram message: [Errno -3] Temporary failure in name resolution
2025-11-22 11:23:10,827 | WARNING | app.utils.price_cache | 🔄 Restarting listener for BTCUSDT (attempt 4/5) in 8.0s...
2025-11-22 11:23:11,169 | ERROR | app.utils.telegram | Failed to send telegram message: [Errno -3] Temporary failure in name resolution
2025-11-22 11:23:11,098 | ERROR | app.utils.price_cache | ❌ Listener thread DEAD for ETHUSDT, restarting...
2025-11-22 11:23:11,205 | ERROR | app.utils.telegram | Failed to send telegram message: [Errno -3] Temporary failure in name resolution
2025-11-22 11:23:11,170 | WARNING | app.utils.price_cache | 🔄 Restarting listener for ETHUSDT (attempt 4/5) in 8.0s...
2025-11-22 11:23:11,423 | ERROR | app.utils.telegram | Failed to send telegram message: [Errno -3] Temporary failure in name resolution
2025-11-22 11:23:11,387 | ERROR | app.utils.price_cache | ❌ Listener thread DEAD for SOLUSDT, restarting...
2025-11-22 11:23:11,466 | ERROR | app.utils.telegram | Failed to send telegram message: [Errno -3] Temporary failure in name resolution
2025-11-22 11:23:11,423 | WARNING | app.utils.price_cache | 🔄 Restarting listener for SOLUSDT (attempt 4/5) in 8.0s...
2025-11-22 11:23:18,868 | INFO | app.utils.price_cache | 🎧 Starting price cache listener for BTCUSDT on channel stream:binance:kline
2025-11-22 11:23:18,966 | ERROR | app.utils.telegram | Failed to send telegram message: [Errno -3] Temporary failure in name resolution
2025-11-22 11:23:18,931 | WARNING | app.utils.price_cache | ⚠️ Could not initialize cache from REST: [Errno -3] Temporary failure in name resolution
2025-11-22 11:23:18,966 | INFO | app.utils.price_cache | 🔌 WebSocket listener thread STARTING for BTCUSDT
2025-11-22 11:23:19,035 | ERROR | app.utils.telegram | Failed to send telegram message: [Errno -3] Temporary failure in name resolution
2025-11-22 11:23:18,976 | ERROR | app.utils.price_cache | ❌ Redis connection error for BTCUSDT: Error 1 connecting to localhost:6379. Operation not permitted.
2025-11-22 11:23:19,069 | ERROR | app.utils.telegram | Failed to send telegram message: [Errno -3] Temporary failure in name resolution
2025-11-22 11:23:19,035 | WARNING | app.utils.price_cache | 🔌 WebSocket listener DISCONNECTED for BTCUSDT
2025-11-22 11:23:19,069 | INFO | app.utils.price_cache | 🔄 Attempting auto-restart for BTCUSDT...
2025-11-22 11:23:19,098 | ERROR | app.utils.telegram | Failed to send telegram message: [Errno -3] Temporary failure in name resolution
2025-11-22 11:23:19,069 | WARNING | app.utils.price_cache | 🔄 Restarting listener for BTCUSDT (attempt 5/5) in 16.0s...
2025-11-22 11:23:19,167 | INFO | app.utils.price_cache | ✅ Listener thread CONFIRMED RUNNING for BTCUSDT
2025-11-22 11:23:19,167 | INFO | app.utils.price_cache | 🏥 Health check monitor started for BTCUSDT
2025-11-22 11:23:19,167 | INFO | app.utils.price_cache | 🏥 Health check monitor STARTED for BTCUSDT
2025-11-22 11:23:19,205 | INFO | app.utils.price_cache | 🎧 Starting price cache listener for ETHUSDT on channel stream:binance:kline
2025-11-22 11:23:19,304 | ERROR | app.utils.telegram | Failed to send telegram message: [Errno -3] Temporary failure in name resolution
2025-11-22 11:23:19,267 | WARNING | app.utils.price_cache | ⚠️ Could not initialize cache from REST: [Errno -3] Temporary failure in name resolution
2025-11-22 11:23:19,304 | INFO | app.utils.price_cache | 🔌 WebSocket listener thread STARTING for ETHUSDT
2025-11-22 11:23:19,360 | ERROR | app.utils.telegram | Failed to send telegram message: [Errno -3] Temporary failure in name resolution
2025-11-22 11:23:19,305 | ERROR | app.utils.price_cache | ❌ Redis connection error for ETHUSDT: Error 1 connecting to localhost:6379. Operation not permitted.
2025-11-22 11:23:19,406 | ERROR | app.utils.telegram | Failed to send telegram message: [Errno -3] Temporary failure in name resolution
2025-11-22 11:23:19,360 | WARNING | app.utils.price_cache | 🔌 WebSocket listener DISCONNECTED for ETHUSDT
2025-11-22 11:23:19,406 | INFO | app.utils.price_cache | 🔄 Attempting auto-restart for ETHUSDT...
2025-11-22 11:23:19,464 | ERROR | app.utils.telegram | Failed to send telegram message: [Errno -3] Temporary failure in name resolution
2025-11-22 11:23:19,360 | WARNING | app.utils.price_cache | ⚠️ No price cached for BTCUSDT
2025-11-22 11:23:19,466 | INFO | app.utils.price_cache | 🎧 Starting price cache listener for SOLUSDT on channel stream:binance:kline
2025-11-22 11:23:19,505 | INFO | app.utils.price_cache | ✅ Listener thread CONFIRMED RUNNING for ETHUSDT
2025-11-22 11:23:19,507 | INFO | app.utils.price_cache | 🏥 Health check monitor started for ETHUSDT
2025-11-22 11:23:19,507 | INFO | app.utils.price_cache | 🏥 Health check monitor STARTED for ETHUSDT
2025-11-22 11:23:19,537 | ERROR | app.utils.telegram | Failed to send telegram message: [Errno -3] Temporary failure in name resolution
2025-11-22 11:23:19,405 | WARNING | app.utils.price_cache | ⚠️ No price cached for ETHUSDT
2025-11-22 11:23:19,630 | ERROR | app.utils.telegram | Failed to send telegram message: [Errno -3] Temporary failure in name resolution
2025-11-22 11:23:19,407 | WARNING | app.utils.price_cache | 🔄 Restarting listener for ETHUSDT (attempt 5/5) in 16.0s...
2025-11-22 11:23:19,659 | ERROR | app.utils.telegram | Failed to send telegram message: [Errno -3] Temporary failure in name resolution
2025-11-22 11:23:19,555 | WARNING | app.monitoring.advanced_monitor | Could not fetch price from Binance API: [Errno -3] Temporary failure in name resolution
2025-11-22 11:23:19,709 | ERROR | app.utils.telegram | Failed to send telegram message: [Errno -3] Temporary failure in name resolution
2025-11-22 11:23:19,574 | WARNING | app.utils.price_cache | ⚠️ Could not initialize cache from REST: [Errno -3] Temporary failure in name resolution
2025-11-22 11:23:19,711 | INFO | app.utils.price_cache | 🔌 WebSocket listener thread STARTING for SOLUSDT
2025-11-22 11:23:19,738 | ERROR | app.utils.telegram | Failed to send telegram message: [Errno -3] Temporary failure in name resolution
2025-11-22 11:23:19,614 | WARNING | app.monitoring.advanced_monitor | Could not fetch price from Binance API: [Errno -3] Temporary failure in name resolution
2025-11-22 11:23:19,801 | ERROR | app.utils.telegram | Failed to send telegram message: [Errno -3] Temporary failure in name resolution
2025-11-22 11:23:19,712 | ERROR | app.utils.price_cache | ❌ Redis connection error for SOLUSDT: Error 1 connecting to localhost:6379. Operation not permitted.
2025-11-22 11:23:19,847 | ERROR | app.utils.telegram | Failed to send telegram message: [Errno -3] Temporary failure in name resolution
2025-11-22 11:23:19,801 | WARNING | app.utils.price_cache | 🔌 WebSocket listener DISCONNECTED for SOLUSDT
2025-11-22 11:23:19,847 | INFO | app.utils.price_cache | 🔄 Attempting auto-restart for SOLUSDT...
2025-11-22 11:23:19,878 | ERROR | app.utils.telegram | Failed to send telegram message: [Errno -3] Temporary failure in name resolution
2025-11-22 11:23:19,847 | WARNING | app.utils.price_cache | 🔄 Restarting listener for SOLUSDT (attempt 5/5) in 16.0s...
2025-11-22 11:23:19,911 | INFO | app.utils.price_cache | ✅ Listener thread CONFIRMED RUNNING for SOLUSDT
2025-11-22 11:23:19,912 | INFO | app.utils.price_cache | 🏥 Health check monitor started for SOLUSDT
2025-11-22 11:23:19,912 | INFO | app.utils.price_cache | 🏥 Health check monitor STARTED for SOLUSDT
2025-11-22 11:23:20,467 | ERROR | app.utils.telegram | Failed to send telegram message: [Errno -3] Temporary failure in name resolution
2025-11-22 11:23:20,407 | WARNING | app.utils.price_cache | ⚠️ No price cached for SOLUSDT
2025-11-22 11:23:20,533 | ERROR | app.utils.telegram | Failed to send telegram message: [Errno -3] Temporary failure in name resolution
2025-11-22 11:23:20,502 | WARNING | app.monitoring.advanced_monitor | Could not fetch price from Binance API: [Errno -3] Temporary failure in name resolution
2025-11-22 11:23:39,233 | ERROR | app.utils.telegram | Failed to send telegram message: [Errno -3] Temporary failure in name resolution
2025-11-22 11:23:39,168 | ERROR | app.utils.price_cache | ❌ Listener thread DEAD for BTCUSDT, restarting...
2025-11-22 11:23:39,267 | ERROR | app.utils.telegram | Failed to send telegram message: [Errno -3] Temporary failure in name resolution
2025-11-22 11:23:39,233 | CRITICAL | app.utils.price_cache | ❌ FAILED to restart listener for BTCUSDT after 5 attempts
2025-11-22 11:23:39,554 | ERROR | app.utils.telegram | Failed to send telegram message: [Errno -3] Temporary failure in name resolution
2025-11-22 11:23:39,507 | ERROR | app.utils.price_cache | ❌ Listener thread DEAD for ETHUSDT, restarting...
2025-11-22 11:23:39,589 | ERROR | app.utils.telegram | Failed to send telegram message: [Errno -3] Temporary failure in name resolution
2025-11-22 11:23:39,554 | CRITICAL | app.utils.price_cache | ❌ FAILED to restart listener for ETHUSDT after 5 attempts
2025-11-22 11:23:39,975 | ERROR | app.utils.telegram | Failed to send telegram message: [Errno -3] Temporary failure in name resolution
2025-11-22 11:23:39,913 | ERROR | app.utils.price_cache | ❌ Listener thread DEAD for SOLUSDT, restarting...
2025-11-22 11:23:40,020 | ERROR | app.utils.telegram | Failed to send telegram message: [Errno -3] Temporary failure in name resolution
2025-11-22 11:23:39,975 | CRITICAL | app.utils.price_cache | ❌ FAILED to restart listener for SOLUSDT after 5 attempts
2025-11-22 11:23:49,722 | ERROR | app.utils.telegram | Failed to send telegram message: [Errno -3] Temporary failure in name resolution
2025-11-22 11:23:49,659 | WARNING | app.utils.price_cache | ⚠️ No price cached for BTCUSDT
2025-11-22 11:23:49,815 | ERROR | app.utils.telegram | Failed to send telegram message: [Errno -3] Temporary failure in name resolution
2025-11-22 11:23:49,738 | WARNING | app.utils.price_cache | ⚠️ No price cached for ETHUSDT
2025-11-22 11:23:49,867 | ERROR | app.utils.telegram | Failed to send telegram message: [Errno -3] Temporary failure in name resolution
2025-11-22 11:23:49,769 | WARNING | app.monitoring.advanced_monitor | Could not fetch price from Binance API: [Errno -3] Temporary failure in name resolution
2025-11-22 11:23:49,909 | ERROR | app.utils.telegram | Failed to send telegram message: [Errno -3] Temporary failure in name resolution
2025-11-22 11:23:49,880 | WARNING | app.monitoring.advanced_monitor | Could not fetch price from Binance API: [Errno -3] Temporary failure in name resolution
2025-11-22 11:23:50,594 | ERROR | app.utils.telegram | Failed to send telegram message: [Errno -3] Temporary failure in name resolution
2025-11-22 11:23:50,534 | WARNING | app.utils.price_cache | ⚠️ No price cached for SOLUSDT
2025-11-22 11:23:50,658 | ERROR | app.utils.telegram | Failed to send telegram message: [Errno -3] Temporary failure in name resolution
2025-11-22 11:23:50,630 | WARNING | app.monitoring.advanced_monitor | Could not fetch price from Binance API: [Errno -3] Temporary failure in name resolution
2025-11-22 11:24:19,917 | ERROR | app.utils.telegram | Failed to send telegram message: [Errno -3] Temporary failure in name resolution
2025-11-22 11:24:19,867 | WARNING | app.utils.price_cache | ⚠️ No price cached for BTCUSDT
2025-11-22 11:24:19,991 | ERROR | app.utils.telegram | Failed to send telegram message: [Errno -3] Temporary failure in name resolution
2025-11-22 11:24:19,910 | WARNING | app.utils.price_cache | ⚠️ No price cached for ETHUSDT
2025-11-22 11:24:20,060 | ERROR | app.utils.telegram | Failed to send telegram message: [Errno -3] Temporary failure in name resolution
2025-11-22 11:24:19,973 | WARNING | app.monitoring.advanced_monitor | Could not fetch price from Binance API: [Errno -3] Temporary failure in name resolution
2025-11-22 11:24:20,095 | ERROR | app.utils.telegram | Failed to send telegram message: [Errno -3] Temporary failure in name resolution
2025-11-22 11:24:20,044 | WARNING | app.monitoring.advanced_monitor | Could not fetch price from Binance API: [Errno -3] Temporary failure in name resolution
2025-11-22 11:24:20,703 | ERROR | app.utils.telegram | Failed to send telegram message: [Errno -3] Temporary failure in name resolution
2025-11-22 11:24:20,659 | WARNING | app.utils.price_cache | ⚠️ No price cached for SOLUSDT
2025-11-22 11:24:20,794 | ERROR | app.utils.telegram | Failed to send telegram message: [Errno -3] Temporary failure in name resolution
2025-11-22 11:24:20,754 | WARNING | app.monitoring.advanced_monitor | Could not fetch price from Binance API: [Errno -3] Temporary failure in name resolution
